[experiment] run_id=2026-07-14T15-28-09+02-00
[experiment] config=/home/use/projets/2019-Ada_Raft/AdaRaft/examples/cluster.toml clients=8 commands_per_client=200 concurrency=8
[experiment] stopping cluster
stopped node 1 (supervisor pid 3001571)
stopped node 2 (supervisor pid 3001622)
stopped node 3 (supervisor pid 3001673)
[experiment] starting cluster
started node 1 (supervisor pid 3002885, auto-restart on kill, log: /home/use/projets/2019-Ada_Raft/AdaRaft/examples/logs/node-1.log)
started node 2 (supervisor pid 3002936, auto-restart on kill, log: /home/use/projets/2019-Ada_Raft/AdaRaft/examples/logs/node-2.log)
started node 3 (supervisor pid 3002987, auto-restart on kill, log: /home/use/projets/2019-Ada_Raft/AdaRaft/examples/logs/node-3.log)
[experiment] cluster healthy after restart
[experiment] starting monitor (interval=2s)
[experiment] starting 8-client load
stress: 8 clients, 200 commands each, concurrency=8
[load] cluster ready (registered client id= 1 leader= 1 next_serial= 0)
[load] sending 1600 commands (200 per identity, 8 identities)
[load] batch_size=32 concurrency=8 config=/home/use/projets/2019-Ada_Raft/AdaRaft/examples/cluster.toml
[load]   --name A values 1..200
[load]   --name B values 100001..100200
[load]   --name C values 200001..200200
[load]   --name D values 300001..300200
[load]   --name E values 400001..400200
[load]   --name F values 500001..500200
[load]   --name G values 600001..600200
[load]   --name H values 700001..700200
[load] log_dir=/home/use/projets/2019-Ada_Raft/AdaRaft/stress/results/2026-07-14T15-28-09+02-00/load  node logs: tail -f /home/use/projets/2019-Ada_Raft/AdaRaft/examples/logs/node-*.log
[load] progress committed=0/1600 failures=0
[load] progress committed=22/1600 failures=0
[load] progress committed=42/1600 failures=28
client-B: name=B committed=34/200 failures=6 log=/home/use/projets/2019-Ada_Raft/AdaRaft/stress/results/2026-07-14T15-28-09+02-00/load/client-B.log
client-B: FAILED (expected 200 committed sends)
send failed: timed out waiting for leader
send failed: TCP to cluster failed (check ./launch.sh start; after load test try ./launch.sh stop && ./launch.sh start)
send failed: TCP to cluster failed (check ./launch.sh start; after load test try ./launch.sh stop && ./launch.sh start)
send failed: TCP to cluster failed (check ./launch.sh start; after load test try ./launch.sh stop && ./launch.sh start)
send failed: TCP to cluster failed (check ./launch.sh start; after load test try ./launch.sh stop && ./launch.sh start)
send failed: TCP to cluster failed (check ./launch.sh start; after load test try ./launch.sh stop && ./launch.sh start)
client-G: name=G committed=2/200 failures=7 log=/home/use/projets/2019-Ada_Raft/AdaRaft/stress/results/2026-07-14T15-28-09+02-00/load/client-G.log
client-G: FAILED (expected 200 committed sends)
client-C: name=C committed=1/200 failures=7 log=/home/use/projets/2019-Ada_Raft/AdaRaft/stress/results/2026-07-14T15-28-09+02-00/load/client-C.log
client-C: FAILED (expected 200 committed sends)
send failed: timed out waiting for leader
send failed: timed out waiting for leader
send failed: TCP to cluster failed (check ./launch.sh start; after load test try ./launch.sh stop && ./launch.sh start)
send failed: TCP to cluster failed (check ./launch.sh start; after load test try ./launch.sh stop && ./launch.sh start)
send failed: TCP to cluster failed (check ./launch.sh start; after load test try ./launch.sh stop && ./launch.sh start)
send failed: TCP to cluster failed (check ./launch.sh start; after load test try ./launch.sh stop && ./launch.sh start)
send failed: timed out waiting for leader
send failed: timed out waiting for leader
send failed: timed out waiting for leader
send failed: TCP to cluster failed (check ./launch.sh start; after load test try ./launch.sh stop && ./launch.sh start)
send failed: timed out waiting for leader
send failed: timed out waiting for leader
send failed: TCP to cluster failed (check ./launch.sh start; after load test try ./launch.sh stop && ./launch.sh start)
send failed: timed out waiting for leader
client-H: name=H committed=0/200 failures=7 log=/home/use/projets/2019-Ada_Raft/AdaRaft/stress/results/2026-07-14T15-28-09+02-00/load/client-H.log
client-H: FAILED (expected 200 committed sends)
client-E: name=E committed=1/200 failures=7 log=/home/use/projets/2019-Ada_Raft/AdaRaft/stress/results/2026-07-14T15-28-09+02-00/load/client-E.log
client-E: FAILED (expected 200 committed sends)
send failed: timed out waiting for leader
send failed: TCP to cluster failed (check ./launch.sh start; after load test try ./launch.sh stop && ./launch.sh start)
send failed: timed out waiting for leader
send failed: timed out waiting for leader
send failed: TCP to cluster failed (check ./launch.sh start; after load test try ./launch.sh stop && ./launch.sh start)
send failed: TCP to cluster failed (check ./launch.sh start; after load test try ./launch.sh stop && ./launch.sh start)
send failed: TCP to cluster failed (check ./launch.sh start; after load test try ./launch.sh stop && ./launch.sh start)
send failed: TCP to cluster failed (check ./launch.sh start; after load test try ./launch.sh stop && ./launch.sh start)
send failed: TCP to cluster failed (check ./launch.sh start; after load test try ./launch.sh stop && ./launch.sh start)
send failed: timed out waiting for leader
send failed: TCP to cluster failed (check ./launch.sh start; after load test try ./launch.sh stop && ./launch.sh start)
send failed: TCP to cluster failed (check ./launch.sh start; after load test try ./launch.sh stop && ./launch.sh start)
send failed: TCP to cluster failed (check ./launch.sh start; after load test try ./launch.sh stop && ./launch.sh start)
send failed: TCP to cluster failed (check ./launch.sh start; after load test try ./launch.sh stop && ./launch.sh start)
client-A: name=A committed=1/200 failures=7 log=/home/use/projets/2019-Ada_Raft/AdaRaft/stress/results/2026-07-14T15-28-09+02-00/load/client-A.log
client-A: FAILED (expected 200 committed sends)
send failed: timed out waiting for leader
send failed: timed out waiting for leader
send failed: TCP to cluster failed (check ./launch.sh start; after load test try ./launch.sh stop && ./launch.sh start)
send failed: TCP to cluster failed (check ./launch.sh start; after load test try ./launch.sh stop && ./launch.sh start)
send failed: timed out waiting for leader
send failed: TCP to cluster failed (check ./launch.sh start; after load test try ./launch.sh stop && ./launch.sh start)
send failed: TCP to cluster failed (check ./launch.sh start; after load test try ./launch.sh stop && ./launch.sh start)
client-F: name=F committed=0/200 failures=7 log=/home/use/projets/2019-Ada_Raft/AdaRaft/stress/results/2026-07-14T15-28-09+02-00/load/client-F.log
client-F: FAILED (expected 200 committed sends)
client-D: name=D committed=15/200 failures=7 log=/home/use/projets/2019-Ada_Raft/AdaRaft/stress/results/2026-07-14T15-28-09+02-00/load/client-D.log
client-D: FAILED (expected 200 committed sends)
send failed: TCP to cluster failed (check ./launch.sh start; after load test try ./launch.sh stop && ./launch.sh start)
send failed: TCP to cluster failed (check ./launch.sh start; after load test try ./launch.sh stop && ./launch.sh start)
send failed: TCP to cluster failed (check ./launch.sh start; after load test try ./launch.sh stop && ./launch.sh start)
send failed: timed out waiting for leader
send failed: timed out waiting for leader
send failed: timed out waiting for leader
send failed: TCP to cluster failed (check ./launch.sh start; after load test try ./launch.sh stop && ./launch.sh start)
send failed: timed out waiting for leader
send failed: timed out waiting for leader
send failed: timed out waiting for leader
send failed: timed out waiting for leader
send failed: TCP to cluster failed (check ./launch.sh start; after load test try ./launch.sh stop && ./launch.sh start)
send failed: TCP to cluster failed (check ./launch.sh start; after load test try ./launch.sh stop && ./launch.sh start)
send failed: TCP to cluster failed (check ./launch.sh start; after load test try ./launch.sh stop && ./launch.sh start)
[load] done in 15s (~106 commands/s aggregate, logs under /home/use/projets/2019-Ada_Raft/AdaRaft/stress/results/2026-07-14T15-28-09+02-00/load/)
[experiment] load finished exit=1 duration=15,604s
[experiment] synthesizing -> /home/use/projets/2019-Ada_Raft/AdaRaft/stress/results/2026-07-14T15-28-09+02-00/synthesis.md
wrote /home/use/projets/2019-Ada_Raft/AdaRaft/stress/results/2026-07-14T15-28-09+02-00/synthesis.md
wrote /home/use/projets/2019-Ada_Raft/AdaRaft/stress/results/2026-07-14T15-28-09+02-00/metrics.json
# Stress run synthesis: 2026-07-14T15-28-09+02-00

## Configuration

| Parameter | Value |
|-----------|-------|
| Clients | 8 (A–H) |
| Commands / client | 200 |
| Submitted total | 1600 |
| Concurrency | 8 |
| Batch size | 32 |
| Throttle | every 0 |

## Throughput

| Metric | Value |
|--------|-------|
| Load duration | 15,604 s |
| Client committed | 52 / 1600 (3,25%) |
| Client failures (log lines) | 34 |
| **Throughput (client)** | **3,33 tx/s** |
| Load exit code | 1 |

Client throughput =  responses / wall-clock load time.

## Replication check (monitor)

| Metric | Value |
|--------|-------|
| leader_app_sum start | 0 |
| leader_app_sum end | 9704753 |
| Monitor snapshots | 10 |

## Cluster verdicts during run

```
        1 verdict: HEALTHY: single leader, reachable= 3 epoch_spread= 12
        9 verdict: WARNING: overload signals on  1 node(s)
```

## Alerts (tail)

```
node 1 role=LEADER epoch= 105 pending= 14 in_flight= 0/ 8 sends= 211 responses= 0 app_sum= 6500129 OVERLOADED
node 1 role=LEADER epoch= 144 pending= 15 in_flight= 0/ 8 sends= 1364 responses= 0 app_sum= 6500129 OVERLOADED
node 1 role=LEADER epoch= 183 pending= 18 in_flight= 0/ 8 sends= 2645 responses= 0 app_sum= 6500129 OVERLOADED
node 1 role=LEADER epoch= 223 pending= 18 in_flight= 0/ 8 sends= 3870 responses= 0 app_sum= 6500129 OVERLOADED
node 1 role=LEADER epoch= 263 pending= 18 in_flight= 0/ 8 sends= 5193 responses= 0 app_sum= 6500129 OVERLOADED
node 1 role=LEADER epoch= 301 pending= 26 in_flight= 0/ 8 sends= 5911 responses= 0 app_sum= 9704753 OVERLOADED
node 1 role=LEADER epoch= 341 pending= 36 in_flight= 0/ 8 sends= 5911 responses= 0 app_sum= 9704753 OVERLOADED
node 1 role=LEADER epoch= 381 pending= 45 in_flight= 0/ 8 sends= 5911 responses= 0 app_sum= 9704753 OVERLOADED
node 1 role=LEADER epoch= 421 pending= 55 in_flight= 0/ 8 sends= 5911 responses= 0 app_sum= 9704753 OVERLOADED
```

## Artifacts

- `experiment.log` — orchestration transcript
- `monitor.log` — full `raft_monitor` output
- `load/client-*.log` — per-client raft_client logs
- `nodes/node-*.log` — server snapshots at end of run
- `metrics.json` — machine-readable summary

## Interpretation

- **Stable run**: verdict stays `HEALTHY` (or occasional `WARNING`), load exit 0, committed = submitted.
- **Saturated run**: `WARNING`/`CRITICAL`, WEDGED/OVERLOADED in monitor, committed < submitted.
- Compare **throughput_tps** across runs after server tuning (epoch-first, client probe, inbound cap).

